// Vitest Snapshot v1, https://vitest.dev/guide/snapshot.html

exports[`Router preset pathname 1`] = `
<DocumentFragment>
  <pre>
    {
  "foo": "oh-look-a-foo",
  "bar": "omg-a-bar"
}
  </pre>
</DocumentFragment>
`;
