// Jest Snapshot v1, https://goo.gl/fbAQLP

exports[`custom route 1`] = `
<DocumentFragment>
  <h1>
    custom route
  </h1>
</DocumentFragment>
`;
